<?xml version="1.0" encoding="UTF-8"?>
<testsuites>
    <testsuite name=";" tests="8" failures="0" skipped="0">
        <properties>
            <property name="URI" value="/Users/thomasfrank/Desktop/cucumber-exempel-1/features/coffee-machine.feature">
            </property>
        </properties>
        <testcase name="Given that the machine is plugged in" classname=";" time="0.000630434">
        </testcase>
        <testcase name="And that water is available" classname=";" time="0.000207171">
        </testcase>
        <testcase name="And that the machine has enough ground coffee" classname=";" time="0.000386006">
        </testcase>
        <testcase name="And the machine has plastic cups" classname=";" time="0.000183509">
        </testcase>
        <testcase name="When the user inserts a 10 kr coin" classname=";" time="0.000194247">
        </testcase>
        <testcase name="And the user inserts a 0 kr coin" classname=";" time="0.000331112">
        </testcase>
        <testcase name="And presses the &quot;start&quot; button" classname=";" time="0.000673597">
        </testcase>
        <testcase name="Then the user recieves 1 cup of coffee." classname=";" time="0.000371242">
        </testcase>
    </testsuite>
    <testsuite name=";" tests="8" failures="0" skipped="0">
        <properties>
            <property name="URI" value="/Users/thomasfrank/Desktop/cucumber-exempel-1/features/coffee-machine.feature">
            </property>
        </properties>
        <testcase name="Given that the machine is plugged in" classname=";" time="0.000084275">
        </testcase>
        <testcase name="And that water is available" classname=";" time="0.000054941">
        </testcase>
        <testcase name="And that the machine has enough ground coffee" classname=";" time="0.000059912">
        </testcase>
        <testcase name="And the machine has plastic cups" classname=";" time="0.000070744">
        </testcase>
        <testcase name="When the user inserts a 5 kr coin" classname=";" time="0.000042982">
        </testcase>
        <testcase name="And the user inserts a 5 kr coin" classname=";" time="0.000041586">
        </testcase>
        <testcase name="And presses the &quot;start&quot; button" classname=";" time="0.000037591">
        </testcase>
        <testcase name="Then the user recieves 1 cup of coffee." classname=";" time="0.000046767">
        </testcase>
    </testsuite>
    <testsuite name=";" tests="8" failures="0" skipped="0">
        <properties>
            <property name="URI" value="/Users/thomasfrank/Desktop/cucumber-exempel-1/features/coffee-machine.feature">
            </property>
        </properties>
        <testcase name="Given that the machine is plugged in" classname=";" time="0.000078157">
        </testcase>
        <testcase name="And that water is available" classname=";" time="0.000053814">
        </testcase>
        <testcase name="And that the machine has enough ground coffee" classname=";" time="0.000062109">
        </testcase>
        <testcase name="And the machine has plastic cups" classname=";" time="0.000049897">
        </testcase>
        <testcase name="When the user inserts a 1 kr coin" classname=";" time="0.00004224">
        </testcase>
        <testcase name="And the user inserts a 1 kr coin" classname=";" time="0.000040816">
        </testcase>
        <testcase name="And presses the &quot;start&quot; button" classname=";" time="0.000056641">
        </testcase>
        <testcase name="Then the user recieves 0 cup of coffee." classname=";" time="0.00022673">
        </testcase>
    </testsuite>
    <testsuite name=";" tests="8" failures="0" skipped="0">
        <properties>
            <property name="URI" value="/Users/thomasfrank/Desktop/cucumber-exempel-1/features/coffee-machine.feature">
            </property>
        </properties>
        <testcase name="Given that the machine is plugged in" classname=";" time="0.000075142">
        </testcase>
        <testcase name="And that water is available" classname=";" time="0.000047793">
        </testcase>
        <testcase name="And that the machine has enough ground coffee" classname=";" time="0.000053383">
        </testcase>
        <testcase name="And the machine has plastic cups" classname=";" time="0.00004972">
        </testcase>
        <testcase name="When the user inserts a &quot;byxknapp&quot; kr coin" classname=";" time="0.000908751">
        </testcase>
        <testcase name="And the user inserts a 1 kr coin" classname=";" time="0.000058798">
        </testcase>
        <testcase name="And presses the &quot;start&quot; button" classname=";" time="0.000031636">
        </testcase>
        <testcase name="Then the user recieves 0 cup of coffee." classname=";" time="0.000076386">
        </testcase>
    </testsuite>
</testsuites>